../Core/Src/main.c:102:5:main	216	static
../Core/Src/main.c:157:6:SystemClock_Config	72	static
../Core/Src/main.c:194:13:MX_TIM1_Init	96	static
../Core/Src/main.c:269:13:MX_TIM2_Init	64	static
../Core/Src/main.c:328:13:MX_USART1_UART_Init	8	static
../Core/Src/main.c:361:13:MX_GPIO_Init	40	static
../Core/Src/main.c:407:6:setting_robot	104	static
../Core/Src/main.c:514:6:homing	8	static
../Core/Src/main.c:524:6:HAL_TIM_PWM_PulseFinishedCallback	88	static
../Core/Src/main.c:603:6:HAL_GPIO_EXTI_Callback	16	static
../Core/Src/main.c:627:6:HAL_UART_RxCpltCallback	216	static
../Core/Src/main.c:712:6:Error_Handler	4	static,ignoring_inline_asm
