../Core/Src/main.c:88:5:main	8	static
../Core/Src/main.c:153:6:SystemClock_Config	72	static
../Core/Src/main.c:190:13:MX_TIM1_Init	96	static
../Core/Src/main.c:265:13:MX_TIM2_Init	64	static
../Core/Src/main.c:324:13:MX_USART1_UART_Init	8	static
../Core/Src/main.c:357:13:MX_GPIO_Init	40	static
../Core/Src/main.c:403:6:setting_robot	96	static
../Core/Src/main.c:516:6:homing	8	static
../Core/Src/main.c:525:6:HAL_TIM_PWM_PulseFinishedCallback	88	static
../Core/Src/main.c:591:6:HAL_GPIO_EXTI_Callback	16	static
../Core/Src/main.c:620:6:Error_Handler	4	static,ignoring_inline_asm
